../Core/Src/main.c:77:5:main	8	static
../Core/Src/main.c:121:6:SystemClock_Config	72	static
../Core/Src/main.c:157:13:MX_TIM2_Init	32	static
../Core/Src/main.c:199:13:MX_USART1_UART_Init	8	static
../Core/Src/main.c:230:13:MX_GPIO_Init	32	static
../Core/Src/main.c:265:6:HAL_TIM_PeriodElapsedCallback	32	static
../Core/Src/main.c:349:6:HAL_UART_RxCpltCallback	16	static
../Core/Src/main.c:387:6:decode	16	static
../Core/Src/main.c:455:5:compare	1680	static
../Core/Src/main.c:516:6:Error_Handler	4	static,ignoring_inline_asm
