../Core/Src/main.c:76:5:main	8	static
../Core/Src/main.c:120:6:SystemClock_Config	72	static
../Core/Src/main.c:156:13:MX_TIM2_Init	32	static
../Core/Src/main.c:198:13:MX_USART1_UART_Init	8	static
../Core/Src/main.c:229:13:MX_GPIO_Init	32	static
../Core/Src/main.c:264:6:HAL_TIM_PeriodElapsedCallback	32	static
../Core/Src/main.c:347:6:HAL_UART_RxCpltCallback	16	static
../Core/Src/main.c:381:6:decode	16	static
../Core/Src/main.c:449:5:compare	1648	static
../Core/Src/main.c:499:6:Error_Handler	4	static,ignoring_inline_asm
